EN spi_master NULL C:/My_Designs/MKFP/projekt/AD7691_VHDL/AD7691_VHDL/src/spi_interface.vhd sub00/vhpl02 1484822268
AR prescaler prescaler C:/My_Designs/MKFP/projekt/AD7691_VHDL/AD7691_VHDL/src/clk_prescaler.vhd sub00/vhpl01 1484822267
EN prescaler NULL C:/My_Designs/MKFP/projekt/AD7691_VHDL/AD7691_VHDL/src/clk_prescaler.vhd sub00/vhpl00 1484822266
